eeschema (2013-05-18 BZR 4017)-stable  >> Creation date: Qui 18 Dez 2014 11:42:12 WET
#Cmp ( order = Reference )
| C1         330nF       
| C2         220uF       
| C3         C           
| C4         C           
| C5         C           
| C6         22pF        
| C7         22pF        
| D1         DIODE       
| D2         DIODE       
| D3         DIODE       
| D4         DIODE       
| D5         DIODE       
| D6         DIODE       
| D8         DIODE       
| D9         DIODE       
| D10        DIODE       
| D11        DIODE       
| D12        DIODE       
| D13        1N4148      
| D14        DIODE       
| D15        DIODE       
| D16        DIODE       
| D17        DIODE       
| D18        DIODE       
| D19        DIODE       
| D23        DIODE       
| D24        DIODE       
| D25        DIODE       
| D26        DIODE       
| D27        DIODE       
| D28        DIODE       
| D29        DIODE       
| D30        DIODE       
| D31        DIODE       
| D32        DIODE       
| D33        DIODE       
| D34        DIODE       
| D35        DIODE       
| D36        DIODE       
| D37        DIODE       
| D38        DIODE       
| D39        DIODE       
| D40        DIODE       
| D41        DIODE       
| D42        DIODE       
| D43        DIODE       
| D44        DIODE       
| D45        DIODE       
| D46        DIODE       
| D47        DIODE       
| D48        DIODE       
| D51        DIODE       
| D52        DIODE       
| D53        DIODE       
| D54        DIODE       
| D55        DIODE       
| D56        DIODE       
| D57        DIODE       
| D58        DIODE       
| D59        DIODE       
| D60        DIODE       
| D61        DIODE       
| D62        DIODE       
| D63        DIODE       
| D64        DIODE       
| D65        DIODE       
| D66        DIODE       
| D67        DIODE       
| D78        DIODE       
| D79        DIODE       
| D80        DIODE       
| D81        DIODE       
| D82        DIODE       
| D93        DIODE       
| D94        DIODE       
| D95        DIODE       
| D96        DIODE       
| D97        DIODE       
| D98        DIODE       
| D99        DIODE       
| D100       DIODE       
| D101       DIODE       
| D102       DIODE       
| D103       DIODE       
| D104       DIODE       
| D105       DIODE       
| D106       DIODE       
| D115       DIODE       
| D116       DIODE       
| D117       DIODE       
| D118       DIODE       
| D119       DIODE       
| D128       DIODE       
| D129       DIODE       
| D130       DIODE       
| D131       DIODE       
| LED1       WS2812B     
| LED2       WS2812B     
| LED3       WS2812B     
| LED4       WS2812B     
| LED5       WS2812B     
| LED6       WS2812B     
| LED7       WS2812B     
| LED8       WS2812B     
| LED9       WS2812B     
| LED10      WS2812B     
| LED11      WS2812B     
| LED12      WS2812B     
| LED13      WS2812B     
| LED14      WS2812B     
| LED15      WS2812B     
| LED16      WS2812B     
| LED17      WS2812B     
| LED18      WS2812B     
| LED19      WS2812B     
| LED20      WS2812B     
| LED21      WS2812B     
| LED22      WS2812B     
| LED23      WS2812B     
| LED24      WS2812B     
| LED25      WS2812B     
| LED26      WS2812B     
| LED27      WS2812B     
| P2         PROG_CONN   
| P3         CONN_4      
| P4         CONN_2      
| P5         CONN_4      
| P6         CONN_2      
| R1         R           
| R2         1K          
| R6         1K          
| R7         1K          
| R51        10K         
| R52        10K         
| R53        10K         
| R54        10K         
| R55        10K         
| R56        10K         
| R57        10K         
| R58        10K         
| R59        10K         
| R60        10K         
| R61        10K         
| R62        10K         
| R63        10K         
| R64        10K         
| R65        10K         
| R66        10K         
| R67        10K         
| R68        10K         
| R69        10K         
| R70        10K         
| R71        10K         
| R72        10K         
| R73        10K         
| SW1        ESC         
| SW2        SLASH       
| SW3        TAB         
| SW4        CAPS LOCK   
| SW5        LEFT SHIFT  
| SW6        LEFT CONTROL
| SW7        1           
| SW8        Q           
| SW9        A           
| SW10       SMALLER GREATER
| SW11       LEFT SUPER  
| SW12       SW_PUSH     
| SW14       F1          
| SW15       2           
| SW16       W           
| SW17       S           
| SW18       Z           
| SW19       LEFT ALT    
| SW20       F2          
| SW21       3           
| SW22       E           
| SW23       D           
| SW24       X           
| SW25       F3          
| SW26       4           
| SW27       R           
| SW28       F           
| SW29       C           
| SW30       F4          
| SW31       5           
| SW32       T           
| SW33       G           
| SW34       V           
| SW35       F5          
| SW36       6           
| SW37       Y           
| SW38       H           
| SW39       B           
| SW40       SPACEBAR    
| SW41       F6          
| SW42       7           
| SW43       U           
| SW44       J           
| SW45       N           
| SW46       F7          
| SW47       8           
| SW48       I           
| SW49       K           
| SW50       M           
| SW51       F8          
| SW52       9           
| SW53       O           
| SW54       L           
| SW55       COMMA       
| SW56       RIGHT ALT   
| SW57       F9          
| SW58       0           
| SW59       P           
| SW60       Ç          
| SW61       DOT         
| SW62       RIGHT SUPER 
| SW63       F10         
| SW64       INTERROGATION
| SW65       ASTAR       
| SW66       SUPERSCRIPT 
| SW67       HIPHEN      
| SW68       F11         
| SW69       DOUBLE ARROWS
| SW70       ACCENTS     
| SW71       TILDE       
| SW72       MENU        
| SW73       F12         
| SW74       RETURN      
| SW75       ENTER       
| SW76       RIGHT SHIFT 
| SW77       RIGHT CONTROL
| SW78       PRINT SCREEN
| SW79       INSERT      
| SW80       DELETE      
| SW81       LEFT ARROW  
| SW82       SCROLL LOCK 
| SW83       HOME        
| SW84       END         
| SW85       UP ARROW    
| SW86       DOWN ARROW  
| SW87       PAUSE       
| SW88       PAGE UP     
| SW89       PAGE DOWN   
| SW90       RIGHT ARROW 
| U1         MICRO-B_USB_CHG
| U2         MICRO-B_USB_HUB
| U3         PIC18F4550_TQFP44
| U4         MAX682      
| U5         24AA512     
| X1         20MHz       
#End Cmp

#Componente ( ordenação = Valor )
| 22pF         C6        
| 22pF         C7        
| 330nF        C1        
| 220uF        C2        
| C            C3        
| C            C4        
| C            C5        
| DIODE        D1        
| DIODE        D2        
| DIODE        D3        
| DIODE        D4        
| DIODE        D5        
| DIODE        D6        
| DIODE        D8        
| DIODE        D9        
| DIODE        D10       
| DIODE        D11       
| DIODE        D12       
| 1N4148       D13       
| DIODE        D14       
| DIODE        D15       
| DIODE        D16       
| DIODE        D17       
| DIODE        D18       
| DIODE        D19       
| DIODE        D23       
| DIODE        D24       
| DIODE        D25       
| DIODE        D26       
| DIODE        D27       
| DIODE        D28       
| DIODE        D29       
| DIODE        D30       
| DIODE        D31       
| DIODE        D32       
| DIODE        D33       
| DIODE        D34       
| DIODE        D35       
| DIODE        D36       
| DIODE        D37       
| DIODE        D38       
| DIODE        D39       
| DIODE        D40       
| DIODE        D41       
| DIODE        D42       
| DIODE        D43       
| DIODE        D44       
| DIODE        D45       
| DIODE        D46       
| DIODE        D47       
| DIODE        D48       
| DIODE        D51       
| DIODE        D52       
| DIODE        D53       
| DIODE        D54       
| DIODE        D55       
| DIODE        D56       
| DIODE        D57       
| DIODE        D58       
| DIODE        D59       
| DIODE        D60       
| DIODE        D61       
| DIODE        D62       
| DIODE        D63       
| DIODE        D64       
| DIODE        D65       
| DIODE        D66       
| DIODE        D67       
| DIODE        D78       
| DIODE        D79       
| DIODE        D80       
| DIODE        D81       
| DIODE        D82       
| DIODE        D93       
| DIODE        D94       
| DIODE        D95       
| DIODE        D96       
| DIODE        D97       
| DIODE        D98       
| DIODE        D99       
| DIODE        D100      
| DIODE        D101      
| DIODE        D102      
| DIODE        D103      
| DIODE        D104      
| DIODE        D105      
| DIODE        D106      
| DIODE        D115      
| DIODE        D116      
| DIODE        D117      
| DIODE        D118      
| DIODE        D119      
| DIODE        D128      
| DIODE        D129      
| DIODE        D130      
| DIODE        D131      
| WS2812B      LED1      
| WS2812B      LED2      
| WS2812B      LED3      
| WS2812B      LED4      
| WS2812B      LED5      
| WS2812B      LED6      
| WS2812B      LED7      
| WS2812B      LED8      
| WS2812B      LED9      
| WS2812B      LED10     
| WS2812B      LED11     
| WS2812B      LED12     
| WS2812B      LED13     
| WS2812B      LED14     
| WS2812B      LED15     
| WS2812B      LED16     
| WS2812B      LED17     
| WS2812B      LED18     
| WS2812B      LED19     
| WS2812B      LED20     
| WS2812B      LED21     
| WS2812B      LED22     
| WS2812B      LED23     
| WS2812B      LED24     
| WS2812B      LED25     
| WS2812B      LED26     
| WS2812B      LED27     
| PROG_CONN    P2        
| CONN_4       P3        
| CONN_2       P4        
| CONN_4       P5        
| CONN_2       P6        
| 1K           R2        
| 1K           R6        
| 1K           R7        
| 10K          R51       
| 10K          R52       
| 10K          R53       
| 10K          R54       
| 10K          R55       
| 10K          R56       
| 10K          R57       
| 10K          R58       
| 10K          R59       
| 10K          R60       
| 10K          R61       
| 10K          R62       
| 10K          R63       
| 10K          R64       
| 10K          R65       
| 10K          R66       
| 10K          R67       
| 10K          R68       
| 10K          R69       
| 10K          R70       
| 10K          R71       
| 10K          R72       
| 10K          R73       
| R            R1        
| 0            SW58      
| 1            SW7       
| 2            SW15      
| 3            SW21      
| 4            SW26      
| 5            SW31      
| 6            SW36      
| 7            SW42      
| 8            SW47      
| 9            SW52      
| ESC          SW1       
| SLASH        SW2       
| TAB          SW3       
| CAPS LOCK    SW4       
| LEFT SHIFT   SW5       
| LEFT CONTROL SW6       
| Q            SW8       
| A            SW9       
| SMALLER GREATER SW10      
| LEFT SUPER   SW11      
| SW_PUSH      SW12      
| F1           SW14      
| W            SW16      
| S            SW17      
| Z            SW18      
| LEFT ALT     SW19      
| F2           SW20      
| E            SW22      
| D            SW23      
| X            SW24      
| F3           SW25      
| R            SW27      
| F            SW28      
| C            SW29      
| F4           SW30      
| T            SW32      
| G            SW33      
| V            SW34      
| F5           SW35      
| Y            SW37      
| H            SW38      
| B            SW39      
| SPACEBAR     SW40      
| F6           SW41      
| U            SW43      
| J            SW44      
| N            SW45      
| F7           SW46      
| I            SW48      
| K            SW49      
| M            SW50      
| F8           SW51      
| O            SW53      
| L            SW54      
| COMMA        SW55      
| RIGHT ALT    SW56      
| F9           SW57      
| P            SW59      
| Ç           SW60      
| DOT          SW61      
| RIGHT SUPER  SW62      
| F10          SW63      
| INTERROGATION SW64      
| ASTAR        SW65      
| SUPERSCRIPT  SW66      
| HIPHEN       SW67      
| F11          SW68      
| DOUBLE ARROWS SW69      
| ACCENTS      SW70      
| TILDE        SW71      
| MENU         SW72      
| F12          SW73      
| RETURN       SW74      
| ENTER        SW75      
| RIGHT SHIFT  SW76      
| RIGHT CONTROL SW77      
| PRINT SCREEN SW78      
| INSERT       SW79      
| DELETE       SW80      
| LEFT ARROW   SW81      
| SCROLL LOCK  SW82      
| HOME         SW83      
| END          SW84      
| UP ARROW     SW85      
| DOWN ARROW   SW86      
| PAUSE        SW87      
| PAGE UP      SW88      
| PAGE DOWN    SW89      
| RIGHT ARROW  SW90      
| 24AA512      U5        
| MICRO-B_USB_CHG U1        
| MICRO-B_USB_HUB U2        
| PIC18F4550_TQFP44 U3        
| MAX682       U4        
| 20MHz        X1        
#Fim dos Componentes

#Fim da Lista
